*** EVALUATION ***
PROGRAM "C:\Users\gaekoers\Desktop\V1.17\V1.12\V1.9\v1.7\V1.6\bin\Project.abs"

*********************************************************************************************
TARGET SECTION
---------------------------------------------------------------------------------------------
Processor   : Freescale HC12
Memory Model: SMALL
File Format : ELF\DWARF 2.0
Linker      : SmartLinker V-5.0.40 Build 10203, Jul 23 2010

*********************************************************************************************
FILE SECTION
---------------------------------------------------------------------------------------------
main.asm.o                              Model: SMALL,         Lang: Assembler
lcddisp.c.o                             Model: SMALL,         Lang: ANSI-C
mc9s12e128.c.o                          Model: SMALL,         Lang: ANSI-C
potentiometer.c.o                       Model: SMALL,         Lang: ANSI-C
INITIALIZATIONS.ASM.o                   Model: SMALL,         Lang: Assembler
RTI_SER.ASM.o                           Model: SMALL,         Lang: Assembler
DELAY.ASM.o                             Model: SMALL,         Lang: Assembler
HEXPAD.ASM.o                            Model: SMALL,         Lang: Assembler
GET_POT_VALUES.ASM.o                    Model: SMALL,         Lang: Assembler
SWITCHES.ASM.o                          Model: SMALL,         Lang: Assembler
STEPPERMOTOR.ASM.o                      Model: SMALL,         Lang: Assembler
DC_MOTOR.ASM.o                          Model: SMALL,         Lang: Assembler
STRINGS.ASM.o                           Model: SMALL,         Lang: Assembler
PUSHBUTTON.ASM.o                        Model: SMALL,         Lang: Assembler
SendsChr.c.o                            Model: SMALL,         Lang: ANSI-C
UPDATE_CLOCK_VALUES.ASM.o               Model: SMALL,         Lang: Assembler
DECIDE_SCREEN.ASM.o                     Model: SMALL,         Lang: Assembler
RTI_CLOCK.ASM.o                         Model: SMALL,         Lang: Assembler
DECIDE_STATE.ASM.o                      Model: SMALL,         Lang: Assembler
UPDATE_RIDE_SPEED.ASM.o                 Model: SMALL,         Lang: Assembler
GET_CAR_LOCATION_LED.ASM.o              Model: SMALL,         Lang: Assembler
FUCKING_IRQ.ASM.o                       Model: SMALL,         Lang: Assembler

*********************************************************************************************
STARTUP SECTION
---------------------------------------------------------------------------------------------
Entry point: 0xC000 (_Startup)

*********************************************************************************************
SECTION-ALLOCATION SECTION
Section Name                    Size  Type     From       To       Segment
---------------------------------------------------------------------------------------------
.init                            231     R     0xC000     0xC0E6   ROM_C000
NON_BANKED                       301     R     0xC0E7     0xC213   ROM_C000
.stack                           256   R/W      0x400      0x4FF   RAM
.abs_section_8                     1   N/I        0x8        0x8   .absSeg0
.abs_section_9                     1   N/I        0x9        0x9   .absSeg1
.abs_section_a                     1   N/I        0xA        0xA   .absSeg2
.abs_section_b                     1   N/I        0xB        0xB   .absSeg3
.abs_section_c                     1   N/I        0xC        0xC   .absSeg4
.abs_section_d                     1   N/I        0xD        0xD   .absSeg5
.abs_section_e                     1   N/I        0xE        0xE   .absSeg6
.abs_section_10                    1   N/I       0x10       0x10   .absSeg7
.abs_section_11                    1   N/I       0x11       0x11   .absSeg8
.abs_section_13                    1   N/I       0x13       0x13   .absSeg9
.abs_section_15                    1   N/I       0x15       0x15   .absSeg10
.abs_section_16                    1   N/I       0x16       0x16   .absSeg11
.abs_section_19                    1   N/I       0x19       0x19   .absSeg12
.abs_section_1c                    1   N/I       0x1C       0x1C   .absSeg13
.abs_section_1d                    1   N/I       0x1D       0x1D   .absSeg14
.abs_section_1e                    1   N/I       0x1E       0x1E   .absSeg15
.abs_section_1f                    1   N/I       0x1F       0x1F   .absSeg16
.abs_section_20                    1   N/I       0x20       0x20   .absSeg17
.abs_section_21                    1   N/I       0x21       0x21   .absSeg18
.abs_section_24                    1   N/I       0x24       0x24   .absSeg19
.abs_section_25                    1   N/I       0x25       0x25   .absSeg20
.abs_section_28                    1   N/I       0x28       0x28   .absSeg21
.abs_section_29                    1   N/I       0x29       0x29   .absSeg22
.abs_section_2a                    1   N/I       0x2A       0x2A   .absSeg23
.abs_section_2d                    1   N/I       0x2D       0x2D   .absSeg24
.abs_section_30                    1   N/I       0x30       0x30   .absSeg25
.abs_section_32                    1   N/I       0x32       0x32   .absSeg26
.abs_section_33                    1   N/I       0x33       0x33   .absSeg27
.abs_section_34                    1   N/I       0x34       0x34   .absSeg28
.abs_section_35                    1   N/I       0x35       0x35   .absSeg29
.abs_section_37                    1   N/I       0x37       0x37   .absSeg30
.abs_section_38                    1   N/I       0x38       0x38   .absSeg31
.abs_section_39                    1   N/I       0x39       0x39   .absSeg32
.abs_section_3a                    1   N/I       0x3A       0x3A   .absSeg33
.abs_section_3b                    1   N/I       0x3B       0x3B   .absSeg34
.abs_section_3c                    1   N/I       0x3C       0x3C   .absSeg35
.abs_section_3f                    1   N/I       0x3F       0x3F   .absSeg36
.abs_section_40                    1   N/I       0x40       0x40   .absSeg37
.abs_section_41                    1   N/I       0x41       0x41   .absSeg38
.abs_section_42                    1   N/I       0x42       0x42   .absSeg39
.abs_section_43                    1   N/I       0x43       0x43   .absSeg40
.abs_section_46                    1   N/I       0x46       0x46   .absSeg41
.abs_section_47                    1   N/I       0x47       0x47   .absSeg42
.abs_section_48                    1   N/I       0x48       0x48   .absSeg43
.abs_section_4a                    1   N/I       0x4A       0x4A   .absSeg44
.abs_section_4c                    1   N/I       0x4C       0x4C   .absSeg45
.abs_section_4d                    1   N/I       0x4D       0x4D   .absSeg46
.abs_section_4e                    1   N/I       0x4E       0x4E   .absSeg47
.abs_section_4f                    1   N/I       0x4F       0x4F   .absSeg48
.abs_section_60                    1   N/I       0x60       0x60   .absSeg49
.abs_section_61                    1   N/I       0x61       0x61   .absSeg50
.abs_section_86                    1   N/I       0x86       0x86   .absSeg51
.abs_section_89                    1   N/I       0x89       0x89   .absSeg52
.abs_section_8a                    1   N/I       0x8A       0x8A   .absSeg53
.abs_section_8b                    1   N/I       0x8B       0x8B   .absSeg54
.abs_section_8e                    1   N/I       0x8E       0x8E   .absSeg55
.abs_section_8f                    1   N/I       0x8F       0x8F   .absSeg56
.abs_section_ca                    1   N/I       0xCA       0xCA   .absSeg57
.abs_section_cb                    1   N/I       0xCB       0xCB   .absSeg58
.abs_section_cc                    1   N/I       0xCC       0xCC   .absSeg59
.abs_section_cd                    1   N/I       0xCD       0xCD   .absSeg60
.abs_section_ce                    1   N/I       0xCE       0xCE   .absSeg61
.abs_section_cf                    1   N/I       0xCF       0xCF   .absSeg62
.abs_section_d2                    1   N/I       0xD2       0xD2   .absSeg63
.abs_section_d3                    1   N/I       0xD3       0xD3   .absSeg64
.abs_section_d4                    1   N/I       0xD4       0xD4   .absSeg65
.abs_section_d5                    1   N/I       0xD5       0xD5   .absSeg66
.abs_section_d6                    1   N/I       0xD6       0xD6   .absSeg67
.abs_section_d7                    1   N/I       0xD7       0xD7   .absSeg68
.abs_section_d8                    1   N/I       0xD8       0xD8   .absSeg69
.abs_section_d9                    1   N/I       0xD9       0xD9   .absSeg70
.abs_section_da                    1   N/I       0xDA       0xDA   .absSeg71
.abs_section_db                    1   N/I       0xDB       0xDB   .absSeg72
.abs_section_dd                    1   N/I       0xDD       0xDD   .absSeg73
.abs_section_e0                    1   N/I       0xE0       0xE0   .absSeg74
.abs_section_e1                    1   N/I       0xE1       0xE1   .absSeg75
.abs_section_e2                    1   N/I       0xE2       0xE2   .absSeg76
.abs_section_e3                    1   N/I       0xE3       0xE3   .absSeg77
.abs_section_e4                    1   N/I       0xE4       0xE4   .absSeg78
.abs_section_ea                    1   N/I       0xEA       0xEA   .absSeg79
.abs_section_eb                    1   N/I       0xEB       0xEB   .absSeg80
.abs_section_ec                    1   N/I       0xEC       0xEC   .absSeg81
.abs_section_ed                    1   N/I       0xED       0xED   .absSeg82
.abs_section_ee                    1   N/I       0xEE       0xEE   .absSeg83
.abs_section_ef                    1   N/I       0xEF       0xEF   .absSeg84
.abs_section_f0                    1   N/I       0xF0       0xF0   .absSeg85
.abs_section_f2                    1   N/I       0xF2       0xF2   .absSeg86
.abs_section_f3                    1   N/I       0xF3       0xF3   .absSeg87
.abs_section_f4                    1   N/I       0xF4       0xF4   .absSeg88
.abs_section_f6                    1   N/I       0xF6       0xF6   .absSeg89
.abs_section_f7                    1   N/I       0xF7       0xF7   .absSeg90
.abs_section_100                   1   N/I      0x100      0x100   .absSeg91
.abs_section_101                   1   N/I      0x101      0x101   .absSeg92
.abs_section_103                   1   N/I      0x103      0x103   .absSeg93
.abs_section_104                   1   N/I      0x104      0x104   .absSeg94
.abs_section_105                   1   N/I      0x105      0x105   .absSeg95
.abs_section_106                   1   N/I      0x106      0x106   .absSeg96
.abs_section_140                   1   N/I      0x140      0x140   .absSeg97
.abs_section_141                   1   N/I      0x141      0x141   .absSeg98
.abs_section_142                   1   N/I      0x142      0x142   .absSeg99
.abs_section_143                   1   N/I      0x143      0x143   .absSeg100
.abs_section_146                   1   N/I      0x146      0x146   .absSeg101
.abs_section_147                   1   N/I      0x147      0x147   .absSeg102
.abs_section_148                   1   N/I      0x148      0x148   .absSeg103
.abs_section_14a                   1   N/I      0x14A      0x14A   .absSeg104
.abs_section_14c                   1   N/I      0x14C      0x14C   .absSeg105
.abs_section_14d                   1   N/I      0x14D      0x14D   .absSeg106
.abs_section_14e                   1   N/I      0x14E      0x14E   .absSeg107
.abs_section_14f                   1   N/I      0x14F      0x14F   .absSeg108
.abs_section_160                   1   N/I      0x160      0x160   .absSeg109
.abs_section_161                   1   N/I      0x161      0x161   .absSeg110
.abs_section_180                   1   N/I      0x180      0x180   .absSeg111
.abs_section_181                   1   N/I      0x181      0x181   .absSeg112
.abs_section_182                   1   N/I      0x182      0x182   .absSeg113
.abs_section_183                   1   N/I      0x183      0x183   .absSeg114
.abs_section_186                   1   N/I      0x186      0x186   .absSeg115
.abs_section_187                   1   N/I      0x187      0x187   .absSeg116
.abs_section_188                   1   N/I      0x188      0x188   .absSeg117
.abs_section_18a                   1   N/I      0x18A      0x18A   .absSeg118
.abs_section_18c                   1   N/I      0x18C      0x18C   .absSeg119
.abs_section_18d                   1   N/I      0x18D      0x18D   .absSeg120
.abs_section_18e                   1   N/I      0x18E      0x18E   .absSeg121
.abs_section_18f                   1   N/I      0x18F      0x18F   .absSeg122
.abs_section_1a0                   1   N/I      0x1A0      0x1A0   .absSeg123
.abs_section_1a1                   1   N/I      0x1A1      0x1A1   .absSeg124
.abs_section_1e0                   1   N/I      0x1E0      0x1E0   .absSeg125
.abs_section_1e1                   1   N/I      0x1E1      0x1E1   .absSeg126
.abs_section_1e2                   1   N/I      0x1E2      0x1E2   .absSeg127
.abs_section_1e3                   1   N/I      0x1E3      0x1E3   .absSeg128
.abs_section_1e4                   1   N/I      0x1E4      0x1E4   .absSeg129
.abs_section_1e5                   1   N/I      0x1E5      0x1E5   .absSeg130
.abs_section_1e8                   1   N/I      0x1E8      0x1E8   .absSeg131
.abs_section_1e9                   1   N/I      0x1E9      0x1E9   .absSeg132
.abs_section_1fe                   1   N/I      0x1FE      0x1FE   .absSeg133
.abs_section_200                   1   N/I      0x200      0x200   .absSeg134
.abs_section_201                   1   N/I      0x201      0x201   .absSeg135
.abs_section_202                   1   N/I      0x202      0x202   .absSeg136
.abs_section_203                   1   N/I      0x203      0x203   .absSeg137
.abs_section_204                   1   N/I      0x204      0x204   .absSeg138
.abs_section_205                   1   N/I      0x205      0x205   .absSeg139
.abs_section_206                   1   N/I      0x206      0x206   .absSeg140
.abs_section_207                   1   N/I      0x207      0x207   .absSeg141
.abs_section_208                   1   N/I      0x208      0x208   .absSeg142
.abs_section_209                   1   N/I      0x209      0x209   .absSeg143
.abs_section_20a                   1   N/I      0x20A      0x20A   .absSeg144
.abs_section_20c                   1   N/I      0x20C      0x20C   .absSeg145
.abs_section_20d                   1   N/I      0x20D      0x20D   .absSeg146
.abs_section_20e                   1   N/I      0x20E      0x20E   .absSeg147
.abs_section_20f                   1   N/I      0x20F      0x20F   .absSeg148
.abs_section_220                   1   N/I      0x220      0x220   .absSeg149
.abs_section_221                   1   N/I      0x221      0x221   .absSeg150
.abs_section_228                   1   N/I      0x228      0x228   .absSeg151
.abs_section_229                   1   N/I      0x229      0x229   .absSeg152
.abs_section_230                   1   N/I      0x230      0x230   .absSeg153
.abs_section_231                   1   N/I      0x231      0x231   .absSeg154
.abs_section_240                   1   N/I      0x240      0x240   .absSeg155
.abs_section_241                   1   N/I      0x241      0x241   .absSeg156
.abs_section_242                   1   N/I      0x242      0x242   .absSeg157
.abs_section_243                   1   N/I      0x243      0x243   .absSeg158
.abs_section_244                   1   N/I      0x244      0x244   .absSeg159
.abs_section_245                   1   N/I      0x245      0x245   .absSeg160
.abs_section_248                   1   N/I      0x248      0x248   .absSeg161
.abs_section_249                   1   N/I      0x249      0x249   .absSeg162
.abs_section_24a                   1   N/I      0x24A      0x24A   .absSeg163
.abs_section_24b                   1   N/I      0x24B      0x24B   .absSeg164
.abs_section_24c                   1   N/I      0x24C      0x24C   .absSeg165
.abs_section_24d                   1   N/I      0x24D      0x24D   .absSeg166
.abs_section_24e                   1   N/I      0x24E      0x24E   .absSeg167
.abs_section_250                   1   N/I      0x250      0x250   .absSeg168
.abs_section_251                   1   N/I      0x251      0x251   .absSeg169
.abs_section_252                   1   N/I      0x252      0x252   .absSeg170
.abs_section_253                   1   N/I      0x253      0x253   .absSeg171
.abs_section_254                   1   N/I      0x254      0x254   .absSeg172
.abs_section_255                   1   N/I      0x255      0x255   .absSeg173
.abs_section_256                   1   N/I      0x256      0x256   .absSeg174
.abs_section_258                   1   N/I      0x258      0x258   .absSeg175
.abs_section_259                   1   N/I      0x259      0x259   .absSeg176
.abs_section_25a                   1   N/I      0x25A      0x25A   .absSeg177
.abs_section_25b                   1   N/I      0x25B      0x25B   .absSeg178
.abs_section_25c                   1   N/I      0x25C      0x25C   .absSeg179
.abs_section_25d                   1   N/I      0x25D      0x25D   .absSeg180
.abs_section_260                   1   N/I      0x260      0x260   .absSeg181
.abs_section_261                   1   N/I      0x261      0x261   .absSeg182
.abs_section_262                   1   N/I      0x262      0x262   .absSeg183
.abs_section_263                   1   N/I      0x263      0x263   .absSeg184
.abs_section_264                   1   N/I      0x264      0x264   .absSeg185
.abs_section_265                   1   N/I      0x265      0x265   .absSeg186
.abs_section_268                   1   N/I      0x268      0x268   .absSeg187
.abs_section_269                   1   N/I      0x269      0x269   .absSeg188
.abs_section_26a                   1   N/I      0x26A      0x26A   .absSeg189
.abs_section_26b                   1   N/I      0x26B      0x26B   .absSeg190
.abs_section_26c                   1   N/I      0x26C      0x26C   .absSeg191
.abs_section_26d                   1   N/I      0x26D      0x26D   .absSeg192
.abs_section_26e                   1   N/I      0x26E      0x26E   .absSeg193
.abs_section_0                     2   N/I        0x0        0x1   .absSeg194
.abs_section_2                     2   N/I        0x2        0x3   .absSeg195
.abs_section_1a                    2   N/I       0x1A       0x1B   .absSeg196
.abs_section_22                    2   N/I       0x22       0x23   .absSeg197
.abs_section_26                    2   N/I       0x26       0x27   .absSeg198
.abs_section_2b                    2   N/I       0x2B       0x2C   .absSeg199
.abs_section_2e                    2   N/I       0x2E       0x2F   .absSeg200
.abs_section_44                    2   N/I       0x44       0x45   .absSeg201
.abs_section_58                    2   N/I       0x58       0x59   .absSeg202
.abs_section_5a                    2   N/I       0x5A       0x5B   .absSeg203
.abs_section_5c                    2   N/I       0x5C       0x5D   .absSeg204
.abs_section_5e                    2   N/I       0x5E       0x5F   .absSeg205
.abs_section_62                    2   N/I       0x62       0x63   .absSeg206
.abs_section_82                    2   N/I       0x82       0x83   .absSeg207
.abs_section_84                    2   N/I       0x84       0x85   .absSeg208
.abs_section_8c                    2   N/I       0x8C       0x8D   .absSeg209
.abs_section_90                    2   N/I       0x90       0x91   .absSeg210
.abs_section_92                    2   N/I       0x92       0x93   .absSeg211
.abs_section_94                    2   N/I       0x94       0x95   .absSeg212
.abs_section_96                    2   N/I       0x96       0x97   .absSeg213
.abs_section_98                    2   N/I       0x98       0x99   .absSeg214
.abs_section_9a                    2   N/I       0x9A       0x9B   .absSeg215
.abs_section_9c                    2   N/I       0x9C       0x9D   .absSeg216
.abs_section_9e                    2   N/I       0x9E       0x9F   .absSeg217
.abs_section_a0                    2   N/I       0xA0       0xA1   .absSeg218
.abs_section_a2                    2   N/I       0xA2       0xA3   .absSeg219
.abs_section_a4                    2   N/I       0xA4       0xA5   .absSeg220
.abs_section_a6                    2   N/I       0xA6       0xA7   .absSeg221
.abs_section_a8                    2   N/I       0xA8       0xA9   .absSeg222
.abs_section_aa                    2   N/I       0xAA       0xAB   .absSeg223
.abs_section_ac                    2   N/I       0xAC       0xAD   .absSeg224
.abs_section_ae                    2   N/I       0xAE       0xAF   .absSeg225
.abs_section_c8                    2   N/I       0xC8       0xC9   .absSeg226
.abs_section_d0                    2   N/I       0xD0       0xD1   .absSeg227
.abs_section_e8                    2   N/I       0xE8       0xE9   .absSeg228
.abs_section_144                   2   N/I      0x144      0x145   .absSeg229
.abs_section_158                   2   N/I      0x158      0x159   .absSeg230
.abs_section_15a                   2   N/I      0x15A      0x15B   .absSeg231
.abs_section_15c                   2   N/I      0x15C      0x15D   .absSeg232
.abs_section_15e                   2   N/I      0x15E      0x15F   .absSeg233
.abs_section_162                   2   N/I      0x162      0x163   .absSeg234
.abs_section_184                   2   N/I      0x184      0x185   .absSeg235
.abs_section_198                   2   N/I      0x198      0x199   .absSeg236
.abs_section_19a                   2   N/I      0x19A      0x19B   .absSeg237
.abs_section_19c                   2   N/I      0x19C      0x19D   .absSeg238
.abs_section_19e                   2   N/I      0x19E      0x19F   .absSeg239
.abs_section_1a2                   2   N/I      0x1A2      0x1A3   .absSeg240
.abs_section_1ec                   2   N/I      0x1EC      0x1ED   .absSeg241
.abs_section_1ee                   2   N/I      0x1EE      0x1EF   .absSeg242
.abs_section_1f0                   2   N/I      0x1F0      0x1F1   .absSeg243
.abs_section_1f2                   2   N/I      0x1F2      0x1F3   .absSeg244
.abs_section_1f4                   2   N/I      0x1F4      0x1F5   .absSeg245
.abs_section_1f6                   2   N/I      0x1F6      0x1F7   .absSeg246
.abs_section_1f8                   2   N/I      0x1F8      0x1F9   .absSeg247
.abs_section_1fa                   2   N/I      0x1FA      0x1FB   .absSeg248
.abs_section_1fc                   2   N/I      0x1FC      0x1FD   .absSeg249
.abs_section_210                   2   N/I      0x210      0x211   .absSeg250
.abs_section_212                   2   N/I      0x212      0x213   .absSeg251
.abs_section_214                   2   N/I      0x214      0x215   .absSeg252
.abs_section_216                   2   N/I      0x216      0x217   .absSeg253
.abs_section_218                   2   N/I      0x218      0x219   .absSeg254
.abs_section_21a                   2   N/I      0x21A      0x21B   .absSeg255
.abs_section_222                   2   N/I      0x222      0x223   .absSeg256
.abs_section_224                   2   N/I      0x224      0x225   .absSeg257
.abs_section_226                   2   N/I      0x226      0x227   .absSeg258
.abs_section_22a                   2   N/I      0x22A      0x22B   .absSeg259
.abs_section_22c                   2   N/I      0x22C      0x22D   .absSeg260
.abs_section_22e                   2   N/I      0x22E      0x22F   .absSeg261
.abs_section_232                   2   N/I      0x232      0x233   .absSeg262
.abs_section_234                   2   N/I      0x234      0x235   .absSeg263
.abs_section_236                   2   N/I      0x236      0x237   .absSeg264
.abs_section_270                   2   N/I      0x270      0x271   .absSeg265
.abs_section_272                   2   N/I      0x272      0x273   .absSeg266
.abs_section_274                   2   N/I      0x274      0x275   .absSeg267
.abs_section_276                   2   N/I      0x276      0x277   .absSeg268
.abs_section_278                   2   N/I      0x278      0x279   .absSeg269
.abs_section_27a                   2   N/I      0x27A      0x27B   .absSeg270
.abs_section_27c                   2   N/I      0x27C      0x27D   .absSeg271
.abs_section_27e                   2   N/I      0x27E      0x27F   .absSeg272
.bss                               6   R/W      0x500      0x505   RAM
CONSTANTS                       1307     R     0xC214     0xC72E   ROM_C000
VARIABLES                        315   R/W      0x506      0x640   RAM
.common                            2   R/W      0x641      0x642   RAM
INITIALIZATIONS.ASM._SEC000000       1268     R     0xC72F     0xCC22   ROM_C000
RTI_SER.ASM._SEC000000          1077     R     0xCC23     0xD057   ROM_C000
DELAY.ASM._SEC000000              13     R     0xD058     0xD064   ROM_C000
HEXPAD.ASM._SEC000000             61     R     0xD065     0xD0A1   ROM_C000
GET_POT_VALUES.ASM._SEC000000        235     R     0xD0A2     0xD18C   ROM_C000
SWITCHES.ASM._SEC000000          169     R     0xD18D     0xD235   ROM_C000
STEPPERMOTOR.ASM._SEC000000        112     R     0xD236     0xD2A5   ROM_C000
DC_MOTOR.ASM._SEC000000           99     R     0xD2A6     0xD308   ROM_C000
STRINGS.ASM._SEC000000           748     R     0xD309     0xD5F4   ROM_C000
PUSHBUTTON.ASM._SEC000000         43     R     0xD5F5     0xD61F   ROM_C000
UPDATE_CLOCK_VALUES.ASM._SEC000000        148     R     0xD620     0xD6B3   ROM_C000
DECIDE_SCREEN.ASM._SEC000000        536     R     0xD6B4     0xD8CB   ROM_C000
RTI_CLOCK.ASM._SEC000000         112     R     0xD8CC     0xD93B   ROM_C000
DECIDE_STATE.ASM._SEC000000       3181     R     0xD93C     0xE5A8   ROM_C000
UPDATE_RIDE_SPEED.ASM._SEC000000        307     R     0xE5A9     0xE6DB   ROM_C000
GET_CAR_LOCATION_LED.ASM._SEC000000        303     R     0xE6DC     0xE80A   ROM_C000
FUCKING_IRQ.ASM._SEC000000         43     R     0xE80B     0xE835   ROM_C000
.vectSeg273_vect                   4     R     0xFFF0     0xFFF3   .vectSeg273
.vectSeg274_vect                   2     R     0xFFFE     0xFFFF   .vectSeg274

Summary of section sizes per section type:
READ_ONLY (R):        283C (dec:    10300)
READ_WRITE (R/W):      243 (dec:      579)
NO_INIT (N/I):         160 (dec:      352)

*********************************************************************************************
VECTOR-ALLOCATION SECTION
    Address     InitValue   InitFunction
---------------------------------------------------------------------------------------------
     0xFFF0        0xCC23   RTI_SER
     0xFFF2        0xE80B   FUCKING_IRQ
     0xFFFE        0xC000   _Startup

*********************************************************************************************
OBJECT-ALLOCATION SECTION
     Name               Module                 Addr   hSize   dSize     Ref    Section   RLIB
---------------------------------------------------------------------------------------------
MODULE:                 -- main.asm.o --
- PROCEDURES:
     Entry                                     C000      13      19       0   .init       
     _Startup                                  C000       0       0       0   .init       
     SKIP_DEBUG                                C013       C      12       1   .init       
     MAIN_LOOP                                 C01F      2B      43       1   .init       
     END_RIDE_IN_MOTION_RTI_JUMP               C04A       3       3       0   .init       
     SKIPTHISSHITMOTHERFUCKER                  C04D      1A      26       1   .init       
     END_RIDE_BEGIN_CHECK                      C067      32      50       0   .init       
     DONT_GO_TO_NEXT_PART_OF_RIDE              C099       3       3       0   .init       
     END_OF_RIDE                               C09C      48      72       0   .init       
     END_RIDE_IN_MOTION_RTI                    C0E4       3       3       2   .init       
     END_END_OF_RIDE                           C0E4       0       0       1   .init       
- VARIABLES:
     DISP                                       506      21      33      77   VARIABLES   
     SECOND                                     527       1       1       1   VARIABLES   
     TENS                                       528       1       1       0   VARIABLES   
     ONES                                       529       1       1       0   VARIABLES   
     HEXVALUE                                   52A       1       1     121   VARIABLES   
     SWITCHVALUE                                52B       1       1       6   VARIABLES   
     SECONDS                                    52C       1       1       6   VARIABLES   
     MINUTES                                    52D       1       1       6   VARIABLES   
     HOURS                                      52E       1       1       7   VARIABLES   
     ONTIME                                     52F       1       1       4   VARIABLES   
     OFFTIME                                    530       1       1       4   VARIABLES   
     POTINTERVAL                                531       1       1       8   VARIABLES   
     VARIABLE_1                                 532       1       1       1   VARIABLES   
     RIDETIMER                                  533       1       1       1   VARIABLES   
     PLAYGORILLASONGFLAG                        534       1       1       0   VARIABLES   
     CHANGEDATECOUNTER                          535       1       1      11   VARIABLES   
     DESIREDSTEPPERSPEED                        536       1       1       0   VARIABLES   
     DESIREDDCSPEED                             537       1       1       1   VARIABLES   
     PLAYGORILLAFLAG                            538       1       1       2   VARIABLES   
     FLASHONLEDS                                539       1       1       4   VARIABLES   
     FLASHOFFLEDS                               53A       1       1       1   VARIABLES   
     SWITCH7NOTHIGHFLAG                         53B       1       1       1   VARIABLES   
     SWITCH7NOTHIGHTIMER                        53C       2       2       6   VARIABLES   
     HEXKEYPRESSED                              53E       1       1      11   VARIABLES   
     STEPPERMOTOR_DIRECTION                     53F       1       1       4   VARIABLES   
     SWITCHFLIPPED                              540       1       1       2   VARIABLES   
     DC_FLAG                                    541       1       1       5   VARIABLES   
     PUSHBUTTONFLAG                             542       1       1       4   VARIABLES   
     SWITCH_MSBHIGH                             543       1       1       6   VARIABLES   
     SWITCH_LSBHIGH                             544       1       1       5   VARIABLES   
     SWITCHESOFF                                545       1       1       0   VARIABLES   
     BOTHSWITCHSAME                             546       1       1       7   VARIABLES   
     PORT_T_VALUE                               547       1       1      15   VARIABLES   
     DISPLAY_TIME_BOTTOM_RIGHT_FLAG             548       1       1       2   VARIABLES   
     SECONDSCHANGED                             549       1       1       6   VARIABLES   
     MINUTESCHANGED                             54A       1       1       6   VARIABLES   
     HOURSCHANGED                               54B       1       1       6   VARIABLES   
     STEPPERMOTORFLAG                           54C       1       1       3   VARIABLES   
     BOTHSWITCHESHIGH                           54D       1       1       3   VARIABLES   
     BOTHSWITCHESLOW                            54E       1       1       3   VARIABLES   
     WELCOMEFLAG                                54F       1       1       5   VARIABLES   
     MAINMENUFLAG                               550       1       1      63   VARIABLES   
     MAINMENU1FLAG                              551       1       1       1   VARIABLES   
     MAINMENU2FLAG                              552       1       1       1   VARIABLES   
     MAINMENU3FLAG                              553       1       1       1   VARIABLES   
     MAINMENU4FLAG                              554       1       1       0   VARIABLES   
     DATECHANGEDFLAG                            555       1       1       1   VARIABLES   
     RIDEINMOTIONFLAG                           556       1       1      26   VARIABLES   
     PASSWORDLOCKED                             557       1       1       6   VARIABLES   
     RIDESPEEDFLAG                              558       1       1       9   VARIABLES   
     TOGGLELEDSFLAG                             559       1       1       7   VARIABLES   
     INCREASESPEEDTIMER                         55A       2       2       5   VARIABLES   
     DECREASESPEEDTIMER                         55C       2       2       4   VARIABLES   
     INCREASESPEEDFLAG                          55E       1       1       4   VARIABLES   
     DECREASESPEEDFLAG                          55F       1       1       5   VARIABLES   
     DATETIMEFLAG                               560       1       1      12   VARIABLES   
     SYSPASSFLAG                                561       1       1       7   VARIABLES   
     CARSETTINGSFLAG                            562       1       1      23   VARIABLES   
     RIDELAYOUTFLAG                             563       1       1      10   VARIABLES   
     RTI_FLAG                                   564       1       1       0   VARIABLES   
     STARTRIDEFLAG                              565       1       1      10   VARIABLES   
     RIDEPART1                                  566       1       1       1   VARIABLES   
     RIDEPART2                                  567       1       1       1   VARIABLES   
     RIDEPART3                                  568       1       1       1   VARIABLES   
     RIDEPART4                                  569       1       1       1   VARIABLES   
     RIDEPART5                                  56A       1       1       1   VARIABLES   
     RIDEPART6                                  56B       1       1       1   VARIABLES   
     TIMECHANGEDFLAG                            56C       1       1       1   VARIABLES   
     CURRENTRIDEPART                            56D       1       1      25   VARIABLES   
     PASSWORDSTRING                             56E       5       5      40   VARIABLES   
     RIDEARRAY                                  573       9       9      11   VARIABLES   
     PUSHBUTTONTOGGLE                           57C       1       1       1   VARIABLES   
     RIDEARRAYINPUT                             57D       7       7      12   VARIABLES   
     RIDEARRAYCOUNT                             584       1       1      15   VARIABLES   
     RIDEARRAYCOUNTRIDEINMOTION                 585       1       1      18   VARIABLES   
     CHANGEDATEFLAG                             586       1       1       8   VARIABLES   
     CHANGETIMEFLAG                             587       1       1       7   VARIABLES   
     TOTALRIDESPEED_CHANGEDFLAG                 588       1       1       1   VARIABLES   
     CURRENTCAR                                 589       1       1      38   VARIABLES   
     CARPASSENGERS                              58A       A      10      17   VARIABLES   
     CARADULTKIDS                               594       A      10      14   VARIABLES   
     CARSEATSOCCUPIED                           59E       A      10      17   VARIABLES   
     CARPHOTOOPTIONS                            5A8       A      10      17   VARIABLES   
     INVALIDCARSELECTIONFLAG                    5B2       1       1       0   VARIABLES   
     CARSETTINGS1FLAG                           5B3       1       1      19   VARIABLES   
     CARSETTINGS2FLAG                           5B4       1       1      12   VARIABLES   
     CARSETTINGS3FLAG                           5B5       1       1      10   VARIABLES   
     CARSETTINGS4FLAG                           5B6       1       1      12   VARIABLES   
     CARSETTINGS5FLAG                           5B7       1       1       0   VARIABLES   
     PLAY_DEPAYSEMENT_FLAG                      5B8       1       1       1   VARIABLES   
     STOPSTARTSTEPPERCOUNTER                    5B9       2       2       0   VARIABLES   
     SEEPHOTO1FLAG                              5BB       1       1       5   VARIABLES   
     SEEPHOTO2FLAG                              5BC       1       1       5   VARIABLES   
     SEEPHOTO3FLAG                              5BD       1       1       6   VARIABLES   
     CHANGETENHOURSFLAG                         5BE       1       1       0   VARIABLES   
     CHANGEHOURSFLAG                            5BF       1       1       0   VARIABLES   
     CHANGETENMINUTESFLAG                       5C0       1       1       0   VARIABLES   
     CHANGEMINUTESFLAG                          5C1       1       1       0   VARIABLES   
     CHANGETENSECONDSFLAG                       5C2       1       1       0   VARIABLES   
     CHANGESECONDSFLAG                          5C3       1       1       0   VARIABLES   
     STORETIMEFLAG                              5C4       1       1       0   VARIABLES   
     TENHOURSINPUT                              5C5       1       1       4   VARIABLES   
     HOURSINPUT                                 5C6       1       1       4   VARIABLES   
     TENMINUTESINPUT                            5C7       1       1       4   VARIABLES   
     MINUTESINPUT                               5C8       1       1       4   VARIABLES   
     TENSECONDSINPUT                            5C9       1       1       4   VARIABLES   
     SECONDSINPUT                               5CA       1       1       4   VARIABLES   
     CHANGETENMONTHSFLAG                        5CB       1       1       0   VARIABLES   
     CHANGEMONTHSFLAG                           5CC       1       1       0   VARIABLES   
     CHANGETENDAYSFLAG                          5CD       1       1       0   VARIABLES   
     CHANGEDAYSFLAG                             5CE       1       1       0   VARIABLES   
     CHANGETIMECOUNTER                          5CF       1       1      14   VARIABLES   
     SEEPHOTOSFLAG                              5D0       1       1      11   VARIABLES   
     PLAYASONGFLAG                              5D1       1       1       8   VARIABLES   
     CHANGEPASSWORDCOUNTER                      5D2       1       1      21   VARIABLES   
     ENTERPASSWORDCOUNTER                       5D3       1       1       0   VARIABLES   
     TENMONTHSINPUT                             5D4       1       1       7   VARIABLES   
     MONTHSINPUT                                5D5       1       1       7   VARIABLES   
     TENDAYSINPUT                               5D6       1       1       7   VARIABLES   
     DAYSINPUT                                  5D7       1       1       7   VARIABLES   
     POTVALUECHANGEDFLAG                        5D8       1       1       3   VARIABLES   
     PREVIOUSPOTVALUE                           5D9       2       2       3   VARIABLES   
     DISPLAYPOTVALUESFLAG                       5DB       1       1       2   VARIABLES   
     POTMAX                                     5DC       1       1       3   VARIABLES   
     CAR1POTVALUE                               5DD       1       1       2   VARIABLES   
     CAR2POTVALUE                               5DE       1       1       2   VARIABLES   
     CAR3POTVALUE                               5DF       1       1       2   VARIABLES   
     CAR4POTVALUE                               5E0       1       1       2   VARIABLES   
     CAR5POTVALUE                               5E1       1       1       2   VARIABLES   
     CAR6POTVALUE                               5E2       1       1       2   VARIABLES   
     CAR7POTVALUE                               5E3       1       1       2   VARIABLES   
     CAR8POTVALUE                               5E4       1       1       1   VARIABLES   
     SONGCOUNT                                  5E5       1       1      14   VARIABLES   
     SONGTIMER                                  5E6       2       2      14   VARIABLES   
     RIDEENDFLAG                                5E8       1       1       7   VARIABLES   
     RIDEBEGINFLAG                              5E9       1       1       6   VARIABLES   
     FLASHLEDFLAG                               5EA       1       1       0   VARIABLES   
     IRQ_FLAG                                   5EB       1       1      10   VARIABLES   
     ENDRIDEBECAUSEOFIRQFLAG                    5EC       1       1       5   VARIABLES   
     LEDTOGGLEVARIABLE                          5ED       1       1       0   VARIABLES   
     TENHOURSINPUTSTRING                        5EE       1       1       5   VARIABLES   
     HOURSINPUTSTRING                           5EF       1       1       5   VARIABLES   
     TENMINUTESINPUTSTRING                      5F0       1       1       5   VARIABLES   
     MINUTESINPUTSTRING                         5F1       1       1       5   VARIABLES   
     TENSECONDSINPUTSTRING                      5F2       1       1       5   VARIABLES   
     SECONDSINPUTSTRING                         5F3       1       1       5   VARIABLES   
     PASSWORD                                   5F4       5       5      26   VARIABLES   
     PUSHBUTTONTIMER                            5F9       2       2       7   VARIABLES   
     WELCOMETIMER                               5FB       2       2       3   VARIABLES   
     RIDELAYOUTINTROTIMER                       5FD       2       2       7   VARIABLES   
     INVALIDCARSELECTIONTIMER                   5FF       2       2       1   VARIABLES   
     STARTRIDETIMER                             601       2       2       9   VARIABLES   
     POTVALUECHANGEDTIMER                       603       2       2       7   VARIABLES   
     CURRENTRIDEPARTTIMER                       605       2       2      10   VARIABLES   
     RIDEOUTROTIMER                             607       2       2       5   VARIABLES   
     IRQTIMER1                                  609       2       2       6   VARIABLES   
     IRQTIMER2                                  60B       2       2       6   VARIABLES   
     TIMERSPEED                                 60D       2       2       2   VARIABLES   
     PLAYDEPAYSEMENTTIMER                       60F       2       2       5   VARIABLES   
     PLAYBRYCETIMER                             611       2       2       5   VARIABLES   
     PLAYGORILLATIMER                           613       2       2       5   VARIABLES   
     SECRETPASSWORDTIMER                        615       2       2       6   VARIABLES   
     FLASHLEDSTIMER                             617       2       2       5   VARIABLES   
     STRING_COUNTER                             619       1       1       6   VARIABLES   
     DC_SPEED                                   61A       1       1      16   VARIABLES   
     DC_MOTORCOUNTER                            61B       1       1       5   VARIABLES   
     STEPPERSEQUENCE_COUNT                      61C       2       2       4   VARIABLES   
     STEPPERSEQUENCEREVERSE_COUNT               61E       2       2       4   VARIABLES   
     stringpointer                              620       2       2       3   VARIABLES   
     COUNT                                      622       2       2       1   VARIABLES   
     hundredsDigit                              624       2       2       4   VARIABLES   
     tensDigit                                  626       2       2       4   VARIABLES   
     onesDigit                                  628       2       2       4   VARIABLES   
     STEPPERSPEED_COUNTER                       62A       2       2       7   VARIABLES   
     STEPPERSPEED                               62C       2       2      28   VARIABLES   
     CLOCKCOUNT                                 62E       2       2       4   VARIABLES   
     TENSECONDS                                 630       1       1       5   VARIABLES   
     ONESECONDS                                 631       1       1       5   VARIABLES   
     TENMINUTES                                 632       1       1       5   VARIABLES   
     ONEMINUTES                                 633       1       1       5   VARIABLES   
     TENHOURS                                   634       1       1       5   VARIABLES   
     ONEHOURS                                   635       1       1       5   VARIABLES   
     VAR1                                       636       1       1      15   VARIABLES   
     SECRETPASSWORDFLAG                         637       1       1       3   VARIABLES   
     TOTALRIDESPEED                             638       1       1      10   VARIABLES   
     STRING_STORAGE                             639       1       1       0   VARIABLES   
     CURRENTSTRING                              63A       2       2      34   VARIABLES   
     RIDELAYOUTSTRING                           63C       1       1       2   VARIABLES   
     SONGFLAG                                   63D       1       1       1   VARIABLES   
     CURRENTSONGPART                            63E       1       1      17   VARIABLES   
     RIDE_TIME                                  63F       2       2       2   VARIABLES   
     STEPPER_SEQUENCE                          C214       5       5       1   CONSTANTS   
     STEPPER_SEQUENCE_REVERSE                  C219       5       5       1   CONSTANTS   
     TABLE                                     C21E       5       5       1   CONSTANTS   
     LOOKUP                                    C223      11      17       1   CONSTANTS   
     DEPAYSEMENT                               C234      11      17       2   CONSTANTS   
     NOWMIGHTBETHETIME                         C245      41      65       1   CONSTANTS   
     GORILLA                                   C286      11      17       1   CONSTANTS   
     SIRENSONG                                 C297      19      25       1   CONSTANTS   
     WELCOME_STRING                            C2B0      20      32       4   CONSTANTS   
     POT_VALUE_STRING                          C2D0      20      32       0   CONSTANTS   
     LAURA_STRING                              C2F0      20      32       0   CONSTANTS   
     RYANSTRING                                C310      20      32       0   CONSTANTS   
     DISPLAYTIMESTRING                         C330      20      32       0   CONSTANTS   
     MAINMENU1STRING                           C350      20      32       1   CONSTANTS   
     RIDESPEEDSTRING                           C370      20      32       1   CONSTANTS   
     DATETIMESTRING                            C390      20      32       1   CONSTANTS   
     CHANGEDATESTRING                          C3B0      20      32       1   CONSTANTS   
     CHANGETIMESTRING                          C3D0      20      32       1   CONSTANTS   
     MAINMENU2STRING                           C3F0      20      32       1   CONSTANTS   
     SYSPASSSTRING                             C410      20      32       1   CONSTANTS   
     CARSETTINGSSTRING                         C430      20      32       1   CONSTANTS   
     CARSETTINGS1STRING                        C450      20      32       1   CONSTANTS   
     CARSETTINGS2STRING                        C470      20      32       1   CONSTANTS   
     CARSETTINGS3STRING                        C490      20      32       1   CONSTANTS   
     CARSETTINGS4STRING                        C4B0      20      32       1   CONSTANTS   
     PLAYASONGSTRING                           C4D0      20      32       1   CONSTANTS   
     SEEPHOTOSSTRING                           C4F0      20      32       1   CONSTANTS   
     INVALIDCARSELECTIONSTRING                 C510      1B      27       0   CONSTANTS   
     MAINMENU3STRING                           C52B      20      32       1   CONSTANTS   
     RIDEINTROSTRING                           C54B      20      32       1   CONSTANTS   
     RIDEOUTROSTRING                           C56B      20      32       1   CONSTANTS   
     SEEPHOTO1STRING                           C58B      24      36       1   CONSTANTS   
     SEEPHOTO2STRING                           C5AF      24      36       1   CONSTANTS   
     SEEPHOTO3STRING                           C5D3      24      36       1   CONSTANTS   
     SECRETPASSWORDSTRING                      C5F7      20      32       1   CONSTANTS   
     MAINMENU4STRING                           C617      20      32       1   CONSTANTS   
     RIDEINMOTIONSTRING                        C637      20      32       1   CONSTANTS   
     RIDELAYOUTSTRINGC                         C657      20      32       2   CONSTANTS   
     RIDELAYOUTINTROSTRING                     C677      20      32       1   CONSTANTS   
     POTVALUERIDEINMOTIONSTRING                C697      20      32       1   CONSTANTS   
     IRQ_STRING                                C6B7      20      32       1   CONSTANTS   
     RIDEINMOTIONSWITCH2FLIPPEDSTRING          C6D7      18      24       2   CONSTANTS   
     MAINMENUDISPLAYTIMESTRING                 C6EF      20      32       1   CONSTANTS   
     SWITCH7NOTHIGHSTRING                      C70F      20      32       1   CONSTANTS   
- LABELS:
     __SEG_END_SSTACK                           500       0       0       1               
     INTCR                                       1E       0       0       1   .text       
     RTIFLAG                                     37       0       0       1   .text       
     RTIENABLEPORT                               38       0       0       1   .text       
     RTICTL                                      3B       0       0       1   .text       
     RTIENABLE                                   80       0       0       1   .text       
     PORT_T                                     240       0       0       4   .text       
     PORT_T_DDR                                 242       0       0       1   .text       
     PORT_S                                     248       0       0      11   .text       
     PORT_S_DDR                                 24A       0       0       2   .text       
     PORT_P                                     258       0       0       3   .text       
     PORT_P_DDR                                 25A       0       0       1   .text       
     PORT_U                                     268       0       0       2   .text       
     PORT_U_DDR                                 26A       0       0       1   .text       
     PORT_U_CR                                  26C       0       0       1   .text       
     PORT_U_PSR                                 26D       0       0       1   .text       
MODULE:                 -- lcddisp.c.o --
- PROCEDURES:
     delay_ms                                  C0E7      17      23       5   NON_BANKED  
     INIT_LCD                                  C0FE      52      82       1   NON_BANKED  
     display_string                            C150      38      56       1   NON_BANKED  
     Delay                                     C188      1F      31       1   NON_BANKED  
     epulse                                    C1A7      24      36       3   NON_BANKED  
     sendCommand                               C1CB       F      15       7   NON_BANKED  
- VARIABLES:
     data                                       500       2       2       4   .bss        
MODULE:                 -- mc9s12e128.c.o --
- PROCEDURES:
- VARIABLES:
     _PORTE                                       8       1       1       0   .abs_section_8
     _DDRE                                        9       1       1       0   .abs_section_9
     _PEAR                                        A       1       1       0   .abs_section_a
     _MODE                                        B       1       1       0   .abs_section_b
     _PUCR                                        C       1       1       0   .abs_section_c
     _RDRIV                                       D       1       1       0   .abs_section_d
     _EBICTL                                      E       1       1       0   .abs_section_e
     _INITRM                                     10       1       1       0   .abs_section_10
     _INITRG                                     11       1       1       0   .abs_section_11
     _MISC                                       13       1       1       0   .abs_section_13
     _ITCR                                       15       1       1       0   .abs_section_15
     _ITEST                                      16       1       1       0   .abs_section_16
     _VREGCTRL                                   19       1       1       0   .abs_section_19
     _MEMSIZ0                                    1C       1       1       0   .abs_section_1c
     _MEMSIZ1                                    1D       1       1       0   .abs_section_1d
     _INTCR                                      1E       1       1       0   .abs_section_1e
     _HPRIO                                      1F       1       1       0   .abs_section_1f
     _DBGC1                                      20       1       1       0   .abs_section_20
     _DBGSC                                      21       1       1       0   .abs_section_21
     _DBGCNT                                     24       1       1       0   .abs_section_24
     _DBGCCX                                     25       1       1       0   .abs_section_25
     _DBGC2                                      28       1       1       0   .abs_section_28
     _DBGC3                                      29       1       1       0   .abs_section_29
     _DBGCAX                                     2A       1       1       0   .abs_section_2a
     _DBGCBX                                     2D       1       1       0   .abs_section_2d
     _PPAGE                                      30       1       1       0   .abs_section_30
     _PORTK                                      32       1       1       0   .abs_section_32
     _DDRK                                       33       1       1       0   .abs_section_33
     _SYNR                                       34       1       1       0   .abs_section_34
     _REFDV                                      35       1       1       0   .abs_section_35
     _CRGFLG                                     37       1       1       0   .abs_section_37
     _CRGINT                                     38       1       1       0   .abs_section_38
     _CLKSEL                                     39       1       1       0   .abs_section_39
     _PLLCTL                                     3A       1       1       0   .abs_section_3a
     _RTICTL                                     3B       1       1       0   .abs_section_3b
     _COPCTL                                     3C       1       1       0   .abs_section_3c
     _ARMCOP                                     3F       1       1       0   .abs_section_3f
     _TIM0_TIOS                                  40       1       1       0   .abs_section_40
     _TIM0_CFORC                                 41       1       1       0   .abs_section_41
     _TIM0_OC7M                                  42       1       1       0   .abs_section_42
     _TIM0_OC7D                                  43       1       1       0   .abs_section_43
     _TIM0_TSCR1                                 46       1       1       0   .abs_section_46
     _TIM0_TTOV                                  47       1       1       0   .abs_section_47
     _TIM0_TCTL1                                 48       1       1       0   .abs_section_48
     _TIM0_TCTL3                                 4A       1       1       0   .abs_section_4a
     _TIM0_TIE                                   4C       1       1       0   .abs_section_4c
     _TIM0_TSCR2                                 4D       1       1       0   .abs_section_4d
     _TIM0_TFLG1                                 4E       1       1       0   .abs_section_4e
     _TIM0_TFLG2                                 4F       1       1       0   .abs_section_4f
     _TIM0_PACTL                                 60       1       1       0   .abs_section_60
     _TIM0_PAFLG                                 61       1       1       0   .abs_section_61
     _ATDSTAT0                                   86       1       1       1   .abs_section_86
     _ATDTEST1                                   89       1       1       0   .abs_section_89
     _ATDSTAT2                                   8A       1       1       0   .abs_section_8a
     _ATDSTAT1                                   8B       1       1       0   .abs_section_8b
     _PORTAD0                                    8E       1       1       0   .abs_section_8e
     _PORTAD1                                    8F       1       1       0   .abs_section_8f
     _SCI0CR1                                    CA       1       1       0   .abs_section_ca
     _SCI0CR2                                    CB       1       1       0   .abs_section_cb
     _SCI0SR1                                    CC       1       1       0   .abs_section_cc
     _SCI0SR2                                    CD       1       1       0   .abs_section_cd
     _SCI0DRH                                    CE       1       1       0   .abs_section_ce
     _SCI0DRL                                    CF       1       1       0   .abs_section_cf
     _SCI1CR1                                    D2       1       1       0   .abs_section_d2
     _SCI1CR2                                    D3       1       1       0   .abs_section_d3
     _SCI1SR1                                    D4       1       1       0   .abs_section_d4
     _SCI1SR2                                    D5       1       1       0   .abs_section_d5
     _SCI1DRH                                    D6       1       1       0   .abs_section_d6
     _SCI1DRL                                    D7       1       1       0   .abs_section_d7
     _SPICR1                                     D8       1       1       0   .abs_section_d8
     _SPICR2                                     D9       1       1       0   .abs_section_d9
     _SPIBR                                      DA       1       1       0   .abs_section_da
     _SPISR                                      DB       1       1       0   .abs_section_db
     _SPIDR                                      DD       1       1       0   .abs_section_dd
     _IBAD                                       E0       1       1       0   .abs_section_e0
     _IBFD                                       E1       1       1       0   .abs_section_e1
     _IBCR                                       E2       1       1       0   .abs_section_e2
     _IBSR                                       E3       1       1       0   .abs_section_e3
     _IBDR                                       E4       1       1       0   .abs_section_e4
     _SCI2CR1                                    EA       1       1       0   .abs_section_ea
     _SCI2CR2                                    EB       1       1       0   .abs_section_eb
     _SCI2SR1                                    EC       1       1       0   .abs_section_ec
     _SCI2SR2                                    ED       1       1       0   .abs_section_ed
     _SCI2DRH                                    EE       1       1       0   .abs_section_ee
     _SCI2DRL                                    EF       1       1       0   .abs_section_ef
     _DAC0_DACC0                                 F0       1       1       0   .abs_section_f0
     _DAC0_DACDLeft                              F2       1       1       0   .abs_section_f2
     _DAC0_DACDRight                             F3       1       1       0   .abs_section_f3
     _DAC1_DACC0                                 F4       1       1       0   .abs_section_f4
     _DAC1_DACDLeft                              F6       1       1       0   .abs_section_f6
     _DAC1_DACDRight                             F7       1       1       0   .abs_section_f7
     _FCLKDIV                                   100       1       1       0   .abs_section_100
     _FSEC                                      101       1       1       0   .abs_section_101
     _FCNFG                                     103       1       1       0   .abs_section_103
     _FPROT                                     104       1       1       0   .abs_section_104
     _FSTAT                                     105       1       1       0   .abs_section_105
     _FCMD                                      106       1       1       0   .abs_section_106
     _TIM1_TIOS                                 140       1       1       0   .abs_section_140
     _TIM1_CFORC                                141       1       1       0   .abs_section_141
     _TIM1_OC7M                                 142       1       1       0   .abs_section_142
     _TIM1_OC7D                                 143       1       1       0   .abs_section_143
     _TIM1_TSCR1                                146       1       1       0   .abs_section_146
     _TIM1_TTOV                                 147       1       1       0   .abs_section_147
     _TIM1_TCTL1                                148       1       1       0   .abs_section_148
     _TIM1_TCTL3                                14A       1       1       0   .abs_section_14a
     _TIM1_TIE                                  14C       1       1       0   .abs_section_14c
     _TIM1_TSCR2                                14D       1       1       0   .abs_section_14d
     _TIM1_TFLG1                                14E       1       1       0   .abs_section_14e
     _TIM1_TFLG2                                14F       1       1       0   .abs_section_14f
     _TIM1_PACTL                                160       1       1       0   .abs_section_160
     _TIM1_PAFLG                                161       1       1       0   .abs_section_161
     _TIM2_TIOS                                 180       1       1       0   .abs_section_180
     _TIM2_CFORC                                181       1       1       0   .abs_section_181
     _TIM2_OC7M                                 182       1       1       0   .abs_section_182
     _TIM2_OC7D                                 183       1       1       0   .abs_section_183
     _TIM2_TSCR1                                186       1       1       0   .abs_section_186
     _TIM2_TTOV                                 187       1       1       0   .abs_section_187
     _TIM2_TCTL1                                188       1       1       0   .abs_section_188
     _TIM2_TCTL3                                18A       1       1       0   .abs_section_18a
     _TIM2_TIE                                  18C       1       1       0   .abs_section_18c
     _TIM2_TSCR2                                18D       1       1       0   .abs_section_18d
     _TIM2_TFLG1                                18E       1       1       0   .abs_section_18e
     _TIM2_TFLG2                                18F       1       1       0   .abs_section_18f
     _TIM2_PACTL                                1A0       1       1       0   .abs_section_1a0
     _TIM2_PAFLG                                1A1       1       1       0   .abs_section_1a1
     _PWME                                      1E0       1       1       0   .abs_section_1e0
     _PWMPOL                                    1E1       1       1       0   .abs_section_1e1
     _PWMCLK                                    1E2       1       1       0   .abs_section_1e2
     _PWMPRCLK                                  1E3       1       1       0   .abs_section_1e3
     _PWMCAE                                    1E4       1       1       0   .abs_section_1e4
     _PWMCTL                                    1E5       1       1       0   .abs_section_1e5
     _PWMSCLA                                   1E8       1       1       0   .abs_section_1e8
     _PWMSCLB                                   1E9       1       1       0   .abs_section_1e9
     _PWMSDN                                    1FE       1       1       0   .abs_section_1fe
     _PMFCFG0                                   200       1       1       0   .abs_section_200
     _PMFCFG1                                   201       1       1       0   .abs_section_201
     _PMFCFG2                                   202       1       1       0   .abs_section_202
     _PMFCFG3                                   203       1       1       0   .abs_section_203
     _PMFFCTL                                   204       1       1       0   .abs_section_204
     _PMFFPIN                                   205       1       1       0   .abs_section_205
     _PMFFSTA                                   206       1       1       0   .abs_section_206
     _PMFQSMP                                   207       1       1       0   .abs_section_207
     _PMFDMPA                                   208       1       1       0   .abs_section_208
     _PMFDMPB                                   209       1       1       0   .abs_section_209
     _PMFDMPC                                   20A       1       1       0   .abs_section_20a
     _PMFOUTC                                   20C       1       1       0   .abs_section_20c
     _PMFOUTB                                   20D       1       1       0   .abs_section_20d
     _PMFDTMS                                   20E       1       1       0   .abs_section_20e
     _PMFCCTL                                   20F       1       1       0   .abs_section_20f
     _PMFENCA                                   220       1       1       0   .abs_section_220
     _PMFFQCA                                   221       1       1       0   .abs_section_221
     _PMFENCB                                   228       1       1       0   .abs_section_228
     _PMFFQCB                                   229       1       1       0   .abs_section_229
     _PMFENCC                                   230       1       1       0   .abs_section_230
     _PMFFQCC                                   231       1       1       0   .abs_section_231
     _PTT                                       240       1       1       2   .abs_section_240
     _PTIT                                      241       1       1       0   .abs_section_241
     _DDRT                                      242       1       1       0   .abs_section_242
     _RDRT                                      243       1       1       0   .abs_section_243
     _PERT                                      244       1       1       0   .abs_section_244
     _PPST                                      245       1       1       0   .abs_section_245
     _PTS                                       248       1       1       0   .abs_section_248
     _PTIS                                      249       1       1       0   .abs_section_249
     _DDRS                                      24A       1       1       0   .abs_section_24a
     _RDRS                                      24B       1       1       0   .abs_section_24b
     _PERS                                      24C       1       1       0   .abs_section_24c
     _PPSS                                      24D       1       1       0   .abs_section_24d
     _WOMS                                      24E       1       1       0   .abs_section_24e
     _PTM                                       250       1       1       5   .abs_section_250
     _PTIM                                      251       1       1       0   .abs_section_251
     _DDRM                                      252       1       1       1   .abs_section_252
     _RDRM                                      253       1       1       0   .abs_section_253
     _PERM                                      254       1       1       0   .abs_section_254
     _PPSM                                      255       1       1       0   .abs_section_255
     _WOMM                                      256       1       1       0   .abs_section_256
     _PTP                                       258       1       1       0   .abs_section_258
     _PTIP                                      259       1       1       0   .abs_section_259
     _DDRP                                      25A       1       1       0   .abs_section_25a
     _RDRP                                      25B       1       1       0   .abs_section_25b
     _PERP                                      25C       1       1       0   .abs_section_25c
     _PPSP                                      25D       1       1       0   .abs_section_25d
     _PTQ                                       260       1       1       0   .abs_section_260
     _PTIQ                                      261       1       1       0   .abs_section_261
     _DDRQ                                      262       1       1       0   .abs_section_262
     _RDRQ                                      263       1       1       0   .abs_section_263
     _PERQ                                      264       1       1       0   .abs_section_264
     _PPSQ                                      265       1       1       0   .abs_section_265
     _PTU                                       268       1       1       0   .abs_section_268
     _PTIU                                      269       1       1       0   .abs_section_269
     _DDRU                                      26A       1       1       0   .abs_section_26a
     _RDRU                                      26B       1       1       0   .abs_section_26b
     _PERU                                      26C       1       1       0   .abs_section_26c
     _PPSU                                      26D       1       1       0   .abs_section_26d
     _MODRR                                     26E       1       1       0   .abs_section_26e
     _PORTAB                                      0       2       2       0   .abs_section_0
     _DDRAB                                       2       2       2       0   .abs_section_2
     _PARTID                                     1A       2       2       0   .abs_section_1a
     _DBGTB                                      22       2       2       0   .abs_section_22
     _DBGCC                                      26       2       2       0   .abs_section_26
     _DBGCA                                      2B       2       2       0   .abs_section_2b
     _DBGCB                                      2E       2       2       0   .abs_section_2e
     _TIM0_TCNT                                  44       2       2       0   .abs_section_44
     _TIM0_TC4                                   58       2       2       0   .abs_section_58
     _TIM0_TC5                                   5A       2       2       0   .abs_section_5a
     _TIM0_TC6                                   5C       2       2       0   .abs_section_5c
     _TIM0_TC7                                   5E       2       2       0   .abs_section_5e
     _TIM0_PACNT                                 62       2       2       0   .abs_section_62
     _ATDCTL23                                   82       2       2       1   .abs_section_82
     _ATDCTL45                                   84       2       2       1   .abs_section_84
     _ATDDIEN                                    8C       2       2       0   .abs_section_8c
     _ATDDR0                                     90       2       2       1   .abs_section_90
     _ATDDR1                                     92       2       2       0   .abs_section_92
     _ATDDR2                                     94       2       2       0   .abs_section_94
     _ATDDR3                                     96       2       2       0   .abs_section_96
     _ATDDR4                                     98       2       2       0   .abs_section_98
     _ATDDR5                                     9A       2       2       0   .abs_section_9a
     _ATDDR6                                     9C       2       2       0   .abs_section_9c
     _ATDDR7                                     9E       2       2       0   .abs_section_9e
     _ATDDR8                                     A0       2       2       0   .abs_section_a0
     _ATDDR9                                     A2       2       2       0   .abs_section_a2
     _ATDDR10                                    A4       2       2       0   .abs_section_a4
     _ATDDR11                                    A6       2       2       0   .abs_section_a6
     _ATDDR12                                    A8       2       2       0   .abs_section_a8
     _ATDDR13                                    AA       2       2       0   .abs_section_aa
     _ATDDR14                                    AC       2       2       0   .abs_section_ac
     _ATDDR15                                    AE       2       2       0   .abs_section_ae
     _SCI0BD                                     C8       2       2       0   .abs_section_c8
     _SCI1BD                                     D0       2       2       0   .abs_section_d0
     _SCI2BD                                     E8       2       2       0   .abs_section_e8
     _TIM1_TCNT                                 144       2       2       0   .abs_section_144
     _TIM1_TC4                                  158       2       2       0   .abs_section_158
     _TIM1_TC5                                  15A       2       2       0   .abs_section_15a
     _TIM1_TC6                                  15C       2       2       0   .abs_section_15c
     _TIM1_TC7                                  15E       2       2       0   .abs_section_15e
     _TIM1_PACNT                                162       2       2       0   .abs_section_162
     _TIM2_TCNT                                 184       2       2       0   .abs_section_184
     _TIM2_TC4                                  198       2       2       0   .abs_section_198
     _TIM2_TC5                                  19A       2       2       0   .abs_section_19a
     _TIM2_TC6                                  19C       2       2       0   .abs_section_19c
     _TIM2_TC7                                  19E       2       2       0   .abs_section_19e
     _TIM2_PACNT                                1A2       2       2       0   .abs_section_1a2
     _PWMCNT01                                  1EC       2       2       0   .abs_section_1ec
     _PWMCNT23                                  1EE       2       2       0   .abs_section_1ee
     _PWMCNT45                                  1F0       2       2       0   .abs_section_1f0
     _PWMPER01                                  1F2       2       2       0   .abs_section_1f2
     _PWMPER23                                  1F4       2       2       0   .abs_section_1f4
     _PWMPER45                                  1F6       2       2       0   .abs_section_1f6
     _PWMDTY01                                  1F8       2       2       0   .abs_section_1f8
     _PWMDTY23                                  1FA       2       2       0   .abs_section_1fa
     _PWMDTY45                                  1FC       2       2       0   .abs_section_1fc
     _PMFVAL0                                   210       2       2       0   .abs_section_210
     _PMFVAL1                                   212       2       2       0   .abs_section_212
     _PMFVAL2                                   214       2       2       0   .abs_section_214
     _PMFVAL3                                   216       2       2       0   .abs_section_216
     _PMFVAL4                                   218       2       2       0   .abs_section_218
     _PMFVAL5                                   21A       2       2       0   .abs_section_21a
     _PMFCNTA                                   222       2       2       0   .abs_section_222
     _PMFMODA                                   224       2       2       0   .abs_section_224
     _PMFDTMA                                   226       2       2       0   .abs_section_226
     _PMFCNTB                                   22A       2       2       0   .abs_section_22a
     _PMFMODB                                   22C       2       2       0   .abs_section_22c
     _PMFDTMB                                   22E       2       2       0   .abs_section_22e
     _PMFCNTC                                   232       2       2       0   .abs_section_232
     _PMFMODC                                   234       2       2       0   .abs_section_234
     _PMFDTMC                                   236       2       2       0   .abs_section_236
     _PTAD                                      270       2       2       4   .abs_section_270
     _PTIAD                                     272       2       2       0   .abs_section_272
     _DDRAD                                     274       2       2       1   .abs_section_274
     _RDRAD                                     276       2       2       0   .abs_section_276
     _PERAD                                     278       2       2       0   .abs_section_278
     _PPSAD                                     27A       2       2       0   .abs_section_27a
     _PIEAD                                     27C       2       2       0   .abs_section_27c
     _PIFAD                                     27E       2       2       0   .abs_section_27e
MODULE:                 -- potentiometer.c.o --
- PROCEDURES:
     read_pot                                  C1DA      18      24       1   NON_BANKED  
- VARIABLES:
     pot_value                                  641       2       2      11   .common     
MODULE:                 -- INITIALIZATIONS.ASM.o --
- PROCEDURES:
     INITIALIZATIONS                           C72F      13      19       1   INITIALIZATIONS.ASM._SEC000000
     WRITESTRINGLOOP                           C742     348     840       0   INITIALIZATIONS.ASM._SEC000000
     WRITERIDELAYOUTLOOP                       CA8A     199     409       0   INITIALIZATIONS.ASM._SEC000000
- VARIABLES:
MODULE:                 -- RTI_SER.ASM.o --
- PROCEDURES:
     RTI_SER                                   CC23      1D      29       0   RTI_SER.ASM._SEC000000
     PASSWORD_IS_LOCKED_SO_LEAVE               CC40       E      14       0   RTI_SER.ASM._SEC000000
     LOWER_WELCOMEFLAG                         CC4E       5       5       0   RTI_SER.ASM._SEC000000
     END_WELCOMEFLAG                           CC53       B      11       0   RTI_SER.ASM._SEC000000
     DECREMENT_SWITCH7TIMER                    CC5E       A      10       0   RTI_SER.ASM._SEC000000
     DONT_DECREMENT_SWITCH7TIMER               CC68      1C      28       1   RTI_SER.ASM._SEC000000
     END_SWITCH7TIMER                          CC68       0       0       1   RTI_SER.ASM._SEC000000
     CHECK_PUSHBUTTON_TIMER                    CC84       F      15       0   RTI_SER.ASM._SEC000000
     ENDPUSHBUTTON                             CC93      14      20       1   RTI_SER.ASM._SEC000000
     DECREMENT_FLASHLEDSTIMER                  CCA7       7       7       0   RTI_SER.ASM._SEC000000
     END_FLASH_LEDS_TIMER                      CCAE       F      15       1   RTI_SER.ASM._SEC000000
     END_CHECKSTARTRIDE_BECAUSEOFSWITCH        CCBD       F      15       1   RTI_SER.ASM._SEC000000
     STARTRIDEBECAUSEOFSWITCH                  CCBD       0       0       0   RTI_SER.ASM._SEC000000
     DONE_PLAYBRYCETIMER                       CCCC       F      15       0   RTI_SER.ASM._SEC000000
     DONE_PLAYGORILLATIMER                     CCDB       F      15       0   RTI_SER.ASM._SEC000000
     DONE_PLAYDEPAYSEMENTTIMER                 CCEA      1D      29       0   RTI_SER.ASM._SEC000000
     DECREMENT_IRQ_TIMER2                      CD07      18      24       0   RTI_SER.ASM._SEC000000
     END_RIDE_BECAUSE_IRQ_TIMER                CD1F       5       5       0   RTI_SER.ASM._SEC000000
[...]
DISPLAY_RIDE_INTRO_SCREEN USES RIDEINTROSTRING CURRENTSTRING END_DECIDE_SCREEN 
END_DISPLAY_RIDE_INTRO_SCREEN USES PORT_T_VALUE 
                                END_DISPLAY_RIDE_IN_MOTION_SHOW_RIDE_PART 
DISPLAY_RIDE_IN_MOTION_SHOW_RIDE_PART USES RIDEINMOTIONSWITCH2FLIPPEDSTRING 
                                CURRENTSTRING END_DECIDE_SCREEN 
END_DISPLAY_RIDE_IN_MOTION_SHOW_RIDE_PART USES RIDEINMOTIONSTRING 
                                CURRENTSTRING END_DECIDE_SCREEN 
END_RIDE_IN_MOTION_SCREEN_CHECK USES RIDEENDFLAG RIDEOUTROTIMER 
                                RIDEOUTROSTRING CURRENTSTRING END_DECIDE_SCREEN 
RTI_CLOCK                 USES CLOCKCOUNT SECONDS 
INCREMENT_SECONDS         USES SECONDS SECONDSCHANGED 
RTI_MINUTES               USES SECONDS SECONDSCHANGED MINUTES 
INCREMENT_MINUTES         USES MINUTES MINUTESCHANGED 
RTI_HOURS                 USES MINUTES MINUTESCHANGED HOURS HOURSCHANGED 
INCREMENT_HOURS           USES HOURS HOURSCHANGED 
DECIDE_STATE_CHANGE       USES HEXKEYPRESSED END_MENU_CHECK 
MENU_CHECK                USES MAINMENUFLAG HEXVALUE RIDESPEEDFLAG 
                                END_MENU_CHECK 
CHECK_2                   USES HEXVALUE DATETIMEFLAG MAINMENUFLAG 
                                END_MENU_CHECK 
CHECK_FF                  USES HEXVALUE MAINMENUFLAG END_MENU_CHECK 
END_MAINMENU1             USES MAINMENUFLAG HEXVALUE SYSPASSFLAG 
                                END_MENU_CHECK 
CHECK_2_MM2               USES HEXVALUE CARSETTINGSFLAG MAINMENUFLAG 
                                END_MENU_CHECK 
CHECK_FF_MM2              USES HEXVALUE MAINMENUFLAG END_MENU_CHECK 
CHECK_AA_MM2              USES HEXVALUE MAINMENUFLAG END_MENU_CHECK 
END_MAINMENU2             USES MAINMENUFLAG SKIP_END_MAINMENU3_JUMP 
END_MAINMENU3_JUMP        USES END_MAINMENU3 
SKIP_END_MAINMENU3_JUMP   USES HEXVALUE RIDELAYOUTFLAG MAINMENUFLAG 
                                RIDELAYOUTINTROTIMER END_MENU_CHECK 
END_CHECK_5_MM3           USES HEXVALUE END_CHECK_6_MM3 
DOSOMESHITASSHOLE         USES PORT_T_VALUE SAFETY_BELTS_ARE_GOOD_TO_GO_BRO 
DONT_START_RIDE_BECAUSE_SWITCH USES SWITCH7NOTHIGHTIMER END_MENU_CHECK 
SAFETY_BELTS_ARE_GOOD_TO_GO_BRO USES STARTRIDEFLAG MAINMENUFLAG 
                                RIDELAYOUTINTROTIMER RIDELAYOUTFLAG CARSETTINGSFLAG DATETIMEFLAG 
                                RIDEINMOTIONFLAG STARTRIDETIMER RIDEBEGINFLAG RIDEARRAYCOUNT 
                                RIDEARRAYCOUNTRIDEINMOTION CHANGEPASSWORDCOUNTER PASSWORDLOCKED IRQ_FLAG 
                                IRQTIMER1 IRQTIMER2 CURRENTRIDEPARTTIMER 
                                INCREASESPEEDFLAG DECREASESPEEDFLAG STEPPERSPEED DC_SPEED 
                                SEEPHOTOSFLAG SEEPHOTO1FLAG SEEPHOTO2FLAG SEEPHOTO3FLAG 
                                PLAYASONGFLAG HEXKEYPRESSED PASSWORDSTRING RIDE_TIME 
                                END_MENU_CHECK 
END_CHECK_6_MM3           USES HEXVALUE MAINMENUFLAG END_MENU_CHECK 
END_CHECK_AA_MM3          USES HEXVALUE MAINMENUFLAG END_MENU_CHECK 
END_MAINMENU3             USES MAINMENUFLAG HEXVALUE END_MENU_CHECK 
END_CHECK_AA_MM4          USES HEXVALUE MAINMENUFLAG SEEPHOTOSFLAG 
                                END_MENU_CHECK 
END_CHECK_7_MM4           USES HEXVALUE MAINMENUFLAG PLAYASONGFLAG 
                                END_MENU_CHECK 
END_MAINMENU4             USES RIDESPEEDFLAG HEXVALUE MAINMENUFLAG 
                                TOTALRIDESPEED 
END_CHECK_1_RIDESPEED     USES HEXVALUE RIDESPEEDFLAG MAINMENUFLAG 
                                TOTALRIDESPEED 
END_CHECK_2_RIDESPEED     USES HEXVALUE RIDESPEEDFLAG MAINMENUFLAG 
                                TOTALRIDESPEED 
END_CHECK_3_RIDESPEED     USES HEXVALUE RIDESPEEDFLAG MAINMENUFLAG 
                                TOTALRIDESPEED 
END_CHECK_4_RIDESPEED     USES HEXVALUE MAINMENUFLAG RIDESPEEDFLAG 
                                END_MENU_CHECK 
END_RIDESPEED             USES DATETIMEFLAG HEXVALUE MAINMENUFLAG 
                                END_MENU_CHECK 
END_CHECK_AA_DATETIME     USES HEXVALUE MAINMENUFLAG DATETIMEFLAG 
                                CHANGEDATEFLAG CHANGEDATECOUNTER END_MENU_CHECK 
END_CHECK_1_DATETIME      USES HEXVALUE MAINMENUFLAG DATETIMEFLAG 
                                CHANGETIMEFLAG END_MENU_CHECK 
END_DATETIME              USES CHANGEDATEFLAG END_CHANGEDATE 
CHECK_AA_CHANGEDATE       USES HEXVALUE DATETIMEFLAG CHANGEDATEFLAG 
                                MAINMENUFLAG CHANGEDATECOUNTER END_MENU_CHECK 
END_CHECK_AA_CHANGEDATE   USES CHANGEDATECOUNTER 
CHANGE_TENMONTHS          USES HEXVALUE TENMONTHSINPUT CHANGEDATECOUNTER 
                                END_CHANGEDATE 
CHANGE_MONTHS             USES HEXVALUE MONTHSINPUT CHANGEDATECOUNTER 
                                END_CHANGEDATE 
CHANGE_TENDAYS            USES HEXVALUE TENDAYSINPUT CHANGEDATECOUNTER 
                                END_CHANGEDATE 
CHANGE_DAYS               USES HEXVALUE DAYSINPUT CHANGEDATECOUNTER 
                                CHANGEDATEFLAG DATETIMEFLAG END_CHANGE_DAYS 
END_CHANGEDATE            USES CHANGETIMEFLAG END_CHANGETIME 
CHECK_AA_CHANGETIME       USES HEXVALUE DATETIMEFLAG CHANGETIMEFLAG 
                                MAINMENUFLAG CHANGEDATEFLAG CHANGETIMECOUNTER 
                                END_MENU_CHECK 
END_CHECK_AA_CHANGETIME   USES CHANGETIMECOUNTER CHANGE_TENMINUTES 
TIME_COUNTER_IS_NOT_2     USES CHANGETIMECOUNTER CHANGE_MINUTES 
TIME_COUNTER_IS_NOT_3     USES CHANGETIMECOUNTER CHANGE_TENSECONDS 
TIME_COUNTER_IS_NOT_4     USES CHANGETIMECOUNTER CHANGE_SECONDS END_CHANGETIME 
CHANGE_TENHOURS           USES HEXVALUE SKIP_END_CHANGETIME_JUMP 
END_CHANGETIME_JUMP       USES END_CHANGETIME 
SKIP_END_CHANGETIME_JUMP  USES HEXVALUE TENHOURSINPUT CHANGETIMECOUNTER 
                                TENHOURSINPUTSTRING END_CHANGETIME 
CHANGE_HOURS              USES HEXVALUE SKIP_END_CHANGETIME_JUMP2 
END_CHANGETIME_JUMP2      USES END_CHANGETIME 
SKIP_END_CHANGETIME_JUMP2 USES HEXVALUE HOURSINPUT CHANGETIMECOUNTER 
                                HOURSINPUTSTRING END_CHANGETIME 
CHANGE_TENMINUTES         USES HEXVALUE SKIP_END_CHANGETIME_JUMP3 
END_CHANGETIME_JUMP3      USES END_CHANGETIME 
SKIP_END_CHANGETIME_JUMP3 USES HEXVALUE TENMINUTESINPUT CHANGETIMECOUNTER 
                                TENMINUTESINPUTSTRING END_CHANGETIME 
CHANGE_MINUTES            USES HEXVALUE SKIP_END_CHANGETIME_JUMP4 
END_CHANGETIME_JUMP4      USES END_CHANGETIME 
SKIP_END_CHANGETIME_JUMP4 USES HEXVALUE MINUTESINPUT CHANGETIMECOUNTER 
                                MINUTESINPUTSTRING END_CHANGETIME 
CHANGE_TENSECONDS         USES HEXVALUE SKIP_END_CHANGETIME_JUMP5 
END_CHANGETIME_JUMP5      USES END_CHANGETIME 
SKIP_END_CHANGETIME_JUMP5 USES HEXVALUE TENSECONDSINPUT CHANGETIMECOUNTER 
                                TENSECONDSINPUTSTRING END_CHANGETIME 
CHANGE_SECONDS            USES HEXVALUE SECONDSINPUT SECONDSINPUTSTRING 
                                CHANGETIMECOUNTER CHANGETIMEFLAG DATETIMEFLAG MAINMENUFLAG 
                                TIMECHANGEDFLAG TENHOURSINPUT HOURSINPUT HOURS TENMINUTESINPUT 
                                MINUTESINPUT MINUTES TENSECONDSINPUT SECONDS HOURSCHANGED 
                                MINUTESCHANGED SECONDSCHANGED END_CHANGETIME 
END_CHANGETIME            USES SYSPASSFLAG HEXVALUE MAINMENUFLAG 
                                CHANGEPASSWORDCOUNTER END_MENU_CHECK 
END_CHECK_AA_SYSPASS      USES CHANGEPASSWORDCOUNTER 
CHANGEPASSWORD1           USES HEXVALUE PASSWORD CHANGEPASSWORDCOUNTER 
                                END_SYSPASS 
CHANGEPASSWORD2           USES HEXVALUE PASSWORD CHANGEPASSWORDCOUNTER 
                                END_SYSPASS 
CHANGEPASSWORD3           USES HEXVALUE PASSWORD CHANGEPASSWORDCOUNTER 
                                END_SYSPASS 
CHANGEPASSWORD4           USES HEXVALUE PASSWORD CHANGEPASSWORDCOUNTER 
                                SYSPASSFLAG MAINMENUFLAG RIDELAYOUTFLAG 
                                RIDELAYOUTINTROTIMER END_SYSPASS 
END_SYSPASS               USES CARSETTINGSFLAG END_CARSETTINGS 
CHECK_AA_CARSETTINGS      USES HEXVALUE MAINMENUFLAG CARSETTINGSFLAG 
                                END_MENU_CHECK 
END_CHECK_AA_CARSETTINGS  USES HEXVALUE CARSETTINGSFLAG CARSETTINGS1FLAG 
                                END_MENU_CHECK 
END_CHECK_EE_CARSETTINGS  USES DEBUG_ENDINGGGGGGGGGGGGGGGGGGGGGGGG HEXVALUE 
                                MAINMENUFLAG CARSETTINGSFLAG CARSETTINGS1FLAG CURRENTCAR 
                                END_MENU_CHECK 
END_CHECK_1_CARSETTINGS   USES HEXVALUE MAINMENUFLAG CARSETTINGSFLAG 
                                CARSETTINGS1FLAG CURRENTCAR END_MENU_CHECK 
END_CHECK_2_CARSETTINGS   USES HEXVALUE MAINMENUFLAG CARSETTINGSFLAG 
                                CARSETTINGS1FLAG CURRENTCAR END_MENU_CHECK 
END_CHECK_3_CARSETTINGS   USES HEXVALUE MAINMENUFLAG CARSETTINGSFLAG 
                                CARSETTINGS1FLAG CURRENTCAR END_MENU_CHECK 
END_CHECK_4_CARSETTINGS   USES HEXVALUE MAINMENUFLAG CARSETTINGSFLAG 
                                CARSETTINGS1FLAG CURRENTCAR END_MENU_CHECK 
END_CHECK_5_CARSETTINGS   USES HEXVALUE MAINMENUFLAG CARSETTINGSFLAG 
                                CARSETTINGS1FLAG CURRENTCAR END_MENU_CHECK 
END_CHECK_6_CARSETTINGS   USES HEXVALUE MAINMENUFLAG CARSETTINGSFLAG 
                                CARSETTINGS1FLAG CURRENTCAR END_MENU_CHECK 
END_CHECK_7_CARSETTINGS   USES HEXVALUE MAINMENUFLAG CARSETTINGSFLAG 
                                CARSETTINGS1FLAG CURRENTCAR END_MENU_CHECK 
END_CARSETTINGS           USES CARSETTINGS1FLAG END_CARSETTINGS1 
CHECK_0_CARSETTINGS1      USES HEXVALUE CARSETTINGS1FLAG MAINMENUFLAG 
                                CARSETTINGS2FLAG CURRENTCAR CARPASSENGERS END_MENU_CHECK 
END_CHECK_0_CARSETTINGS1  USES HEXVALUE CARSETTINGS1FLAG MAINMENUFLAG 
                                CARSETTINGS2FLAG CURRENTCAR CARPASSENGERS END_MENU_CHECK 
END_CHECK_1_CARSETTINGS1  USES HEXVALUE CARSETTINGS1FLAG MAINMENUFLAG 
                                CARSETTINGS2FLAG CURRENTCAR CARPASSENGERS END_MENU_CHECK 
END_CARSETTINGS1          USES CARSETTINGS2FLAG END_CARSETTINGS2 
CHECK_0_CARSETTINGS2      USES HEXVALUE CURRENTCAR CARADULTKIDS 
                                CARSETTINGS2FLAG CARSETTINGS3FLAG END_MENU_CHECK 
END_CHECK_0_CARSETTINGS2  USES HEXVALUE CURRENTCAR CARPASSENGERS 
                                CARSETTINGS2FLAG CARSETTINGS3FLAG END_MENU_CHECK 
END_CARSETTINGS2          USES CARSETTINGS3FLAG END_CARSETTINGS3 
CHECK_0_CARSETTINGS3      USES HEXVALUE CURRENTCAR CARSEATSOCCUPIED 
                                CARSETTINGS3FLAG CARSETTINGS4FLAG END_MENU_CHECK 
END_CHECK_0_CARSETTINGS3  USES HEXVALUE CURRENTCAR CARSEATSOCCUPIED 
                                CARSETTINGS3FLAG CARSETTINGS4FLAG END_MENU_CHECK 
END_CHECK_1_CARSETTINGS3  USES HEXVALUE CURRENTCAR CARSEATSOCCUPIED 
                                CARSETTINGS3FLAG CARSETTINGS4FLAG END_MENU_CHECK 
END_CHECK_2_CARSETTINGS3  USES HEXVALUE CURRENTCAR CARSEATSOCCUPIED 
                                CARSETTINGS3FLAG CARSETTINGS4FLAG END_MENU_CHECK 
END_CARSETTINGS3          USES CARSETTINGS4FLAG END_CARSETTINGS4 
CHECK_0_CARSETTINGS4      USES HEXVALUE CURRENTCAR CARPHOTOOPTIONS 
                                CARSETTINGS4FLAG CARSETTINGSFLAG END_MENU_CHECK 
END_CHECK_0_CARSETTINGS4  USES HEXVALUE CURRENTCAR CARPHOTOOPTIONS 
                                CARSETTINGS4FLAG CARSETTINGSFLAG END_MENU_CHECK 
END_CHECK_1_CARSETTINGS4  USES HEXVALUE CURRENTCAR CARPHOTOOPTIONS 
                                CARSETTINGS4FLAG CARSETTINGSFLAG END_MENU_CHECK 
END_CHECK_2_CARSETTINGS4  USES HEXVALUE CURRENTCAR CARPHOTOOPTIONS 
                                CARSETTINGS4FLAG CARSETTINGSFLAG END_MENU_CHECK 
END_CARSETTINGS4          USES RIDELAYOUTFLAG END_RIDELAYOUT 
CHECK_AA_RIDELAYOUT       USES HEXVALUE MAINMENUFLAG RIDELAYOUTFLAG 
                                RIDEARRAYCOUNT END_MENU_CHECK 
END_CHECK_AA_RIDELAYOUT   USES HEXVALUE RIDEARRAYCOUNT RIDEARRAYINPUT 
                                OUTPUT_TO_RIDEARRAY 
LOAD_1_TO_RIDEARRAYINPUT  USES HEXVALUE RIDEARRAYCOUNT END_MENU_CHECK 
END_CHECK_1_RIDELAYOUT    USES HEXVALUE RIDEARRAYCOUNT RIDEARRAYINPUT 
                                OUTPUT_TO_RIDEARRAY 
LOAD_2_TO_RIDEARRAYINPUT  USES HEXVALUE RIDEARRAYCOUNT END_MENU_CHECK 
END_CHECK_2_RIDELAYOUT    USES HEXVALUE RIDEARRAYCOUNT RIDEARRAYINPUT 
                                OUTPUT_TO_RIDEARRAY 
LOAD_3_TO_RIDEARRAYINPUT  USES HEXVALUE RIDEARRAYCOUNT END_MENU_CHECK 
END_CHECK_3_RIDELAYOUT    USES HEXVALUE RIDEARRAYCOUNT RIDEARRAYINPUT 
                                OUTPUT_TO_RIDEARRAY 
LOAD_4_TO_RIDEARRAYINPUT  USES HEXVALUE RIDEARRAYCOUNT END_MENU_CHECK 
END_CHECK_4_RIDELAYOUT    USES END_RIDELAYOUT 
OUTPUT_TO_RIDEARRAY       USES HEXVALUE RIDEARRAY RIDEARRAYINPUT 
WRITELOOP                 USES RIDEARRAYCOUNT RIDELAYOUTFLAG MAINMENUFLAG 
END_RIDELAYOUT            USES SEEPHOTOSFLAG END_SEEPHOTOS 
CHECK_AA_SEEPHOTOS        USES HEXVALUE MAINMENUFLAG SEEPHOTOSFLAG 
                                END_MENU_CHECK 
END_CHECK_AA_SEEPHOTOS    USES HEXVALUE SEEPHOTOSFLAG SEEPHOTO1FLAG 
                                END_MENU_CHECK 
END_CHECK_1_SEEPHOTOS     USES HEXVALUE SEEPHOTOSFLAG SEEPHOTO2FLAG 
                                END_MENU_CHECK 
END_CHECK_2_SEEPHOTOS     USES HEXVALUE SEEPHOTOSFLAG SEEPHOTO3FLAG 
                                END_MENU_CHECK 
END_SEEPHOTOS             USES SEEPHOTO1FLAG END_SEEPHOTO1 
CHECK_AA_SEEPHOTO1        USES HEXVALUE MAINMENUFLAG SEEPHOTOSFLAG 
                                SEEPHOTO1FLAG END_MENU_CHECK 
END_SEEPHOTO1             USES SEEPHOTO2FLAG END_SEEPHOTO2 
CHECK_AA_SEEPHOTO2        USES HEXVALUE MAINMENUFLAG SEEPHOTOSFLAG 
                                SEEPHOTO2FLAG END_MENU_CHECK 
END_SEEPHOTO2             USES SEEPHOTO3FLAG END_SEEPHOTO3 
CHECK_AA_SEEPHOTO3        USES HEXVALUE MAINMENUFLAG SEEPHOTO3FLAG 
                                SEEPHOTOSFLAG END_MENU_CHECK 
END_SEEPHOTO3             USES PLAYASONGFLAG HEXVALUE MAINMENUFLAG 
                                END_MENU_CHECK 
END_CHECK_AA_PLAYASONG    USES HEXVALUE PLAYBRYCETIMER PLAYASONGFLAG 
                                MAINMENUFLAG END_MENU_CHECK 
END_CHECK_1_PLAYASONG     USES HEXVALUE PLAYDEPAYSEMENTTIMER PLAYASONGFLAG 
                                MAINMENUFLAG END_MENU_CHECK 
END_CHECK_2_PLAYASONG     USES HEXVALUE PLAYGORILLATIMER PLAYASONGFLAG 
                                MAINMENUFLAG END_MENU_CHECK 
END_MENU_CHECK            USES STARTRIDEFLAG 
END_RIDEINMOTION_CHECK_JUMP USES END_RIDEINMOTION_CHECK 
SKIPTHISDOODOOWATER       USES RIDEINMOTIONFLAG 
                                END_CHECKFORPASSWORD_RIDEINMOTION 
CONTINUE_CHECKPASSWORD    USES HEXKEYPRESSED END_CHECKFORPASSWORD_RIDEINMOTION 
CHECK_PASSWORD_RIDEINMOTIONBRO USES CHANGEPASSWORDCOUNTER 
CHECKPASSWORD1            USES HEXVALUE PASSWORDSTRING CHANGEPASSWORDCOUNTER 
                                HEXKEYPRESSED END_CHECKFORPASSWORD_RIDEINMOTION 
CHECKPASSWORD2            USES HEXVALUE PASSWORDSTRING CHANGEPASSWORDCOUNTER 
                                HEXKEYPRESSED END_CHECKFORPASSWORD_RIDEINMOTION 
CHECKPASSWORD3            USES HEXVALUE PASSWORDSTRING CHANGEPASSWORDCOUNTER 
                                HEXKEYPRESSED END_CHECKFORPASSWORD_RIDEINMOTION 
CHECKPASSWORD4            USES HEXVALUE PASSWORDSTRING CHANGEPASSWORDCOUNTER 
                                HEXKEYPRESSED PASSWORD PASSWORDLOCKED MAINMENUFLAG 
                                END_CHECKFORPASSWORD_RIDEINMOTION 
PASSWORDS_NOT_SAME        USES CHANGEPASSWORDCOUNTER PASSWORDSTRING 
                                END_CHECKFORPASSWORD_RIDEINMOTION 
END_CHECKFORPASSWORD_RIDEINMOTION USES RIDEENDFLAG ENDRIDEBECAUSEOFIRQFLAG 
                                END_RIDEINMOTION_CHECK 
STOP_RIDE                 USES RIDEINMOTIONFLAG RIDEARRAYCOUNTRIDEINMOTION 
                                MAINMENUFLAG RIDEENDFLAG RIDEOUTROTIMER 
                                ENDRIDEBECAUSEOFIRQFLAG TOGGLELEDSFLAG STARTRIDEFLAG IRQ_FLAG PORT_S 
                                END_RIDEINMOTION_CHECK 
GO_TO_END_OF_RIDE         USES RIDEARRAYCOUNTRIDEINMOTION 
                                ENDRIDEBECAUSEOFIRQFLAG IRQ_FLAG END_RIDEINMOTION_CHECK 
END_RIDEINMOTION_CHECK    USES HEXKEYPRESSED 
UPDATE_RIDE_SPEED         USES STARTRIDEFLAG DONT_GO_VERY_END RIDEINMOTIONFLAG 
MAKESUREMOTORSAREOFF      USES PORT_T DC_SPEED STEPPERSPEED 
GO_VERY_END_JMP           USES GO_VERY_END 
DONT_GO_VERY_END          USES TOTALRIDESPEED END_UPDATE_RIDE_SPEED 
SLOW                      USES DC_SPEED STEPPERSPEED END_UPDATE_RIDE_SPEED 
MEDIUM                    USES DC_SPEED STEPPERSPEED END_UPDATE_RIDE_SPEED 
FAST                      USES DC_SPEED STEPPERSPEED END_UPDATE_RIDE_SPEED 
SUICIDE                   USES DC_SPEED STEPPERSPEED END_UPDATE_RIDE_SPEED 
END_UPDATE_RIDE_SPEED     USES CURRENTRIDEPART 
LEFT                      USES END_CURRENTRIDEPART_CHECK 
RIGHT                     USES END_CURRENTRIDEPART_CHECK 
HILL                      USES END_CURRENTRIDEPART_CHECK 
STR8                      USES END_CURRENTRIDEPART_CHECK 
BEGIN                     USES END_CURRENTRIDEPART_CHECK 
END                       USES END_CURRENTRIDEPART_CHECK 
END_CURRENTRIDEPART_CHECK USES BOTHSWITCHSAME SWITCH_LSBHIGH SWITCH_MSBHIGH 
                                GO_VERY_END 
LOWER_SPEED_CAUSE_SWITCH  USES DC_SPEED STEPPERSPEED GO_VERY_END 
RAISE_SPEED_CAUSE_SWITCH  USES STEPPERSPEED DC_SPEED GO_VERY_END 
                                TOTALRIDESPEED_CHANGEDFLAG 
GETCARLOCATION_LED        USES PUSHBUTTONTIMER GO_AHEAD 
FLASHTHELEDSBRO           USES FLASHONLEDS FLASHOFFTHELEDS 
FLASHONTHELEDS            USES PORT_S SKIP_THISSHITBRO 
FLASHOFFTHELEDS           USES PORT_S SKIP_THISSHITBRO 
GO_AHEAD                  USES RIDEARRAYCOUNTRIDEINMOTION SKIPTHISMY_GUY 
WE_NEED_TO_END_THE_COCK_SUCKING_RIDE_JUMP USES 
                                WE_NEED_TO_END_THE_COCK_SUCKING_RIDE 
ONE                       USES VAR1 END_GETCARLOCATION_LED 
TWO                       USES VAR1 END_GETCARLOCATION_LED 
THREE                     USES VAR1 END_GETCARLOCATION_LED 
FOUR                      USES VAR1 END_GETCARLOCATION_LED 
FIVE                      USES VAR1 END_GETCARLOCATION_LED 
SIX                       USES VAR1 END_GETCARLOCATION_LED 
SEVEN                     USES VAR1 END_GETCARLOCATION_LED 
EIGHT                     USES VAR1 END_GETCARLOCATION_LED 
END_GETCARLOCATION_LED    USES CURRENTRIDEPART 
LEFT                      USES VAR1 PORT_S END_GETCARPART_FOR_LED 
RIGHT                     USES VAR1 PORT_S END_GETCARPART_FOR_LED 
HILL                      USES VAR1 PORT_S END_GETCARPART_FOR_LED 
STR8                      USES VAR1 PORT_S END_GETCARPART_FOR_LED 
BEGIN                     USES VAR1 PORT_S END_GETCARPART_FOR_LED 
END                       USES VAR1 PORT_S END_GETCARPART_FOR_LED 
END_GETCARPART_FOR_LED    USES SKIP_THISSHITBRO 
WE_NEED_TO_END_THE_COCK_SUCKING_RIDE USES RIDEARRAYCOUNTRIDEINMOTION PORT_S 
SKIP_THISSHITBRO          USES VAR1 
FUCKING_IRQ               USES RIDEINMOTIONFLAG RIDEBEGINFLAG IRQ_FLAG 
                                IRQTIMER1 IRQTIMER2 TOGGLELEDSFLAG 

*********************************************************************************************
DEPENDENCY TREE
*********************************************************************************************
 FUCKING_IRQ         
   
 RTI_SER             
   
*********************************************************************************************
STATISTIC SECTION
---------------------------------------------------------------------------------------------

ExeFile:
--------
Number of blocks to be downloaded: 16
Total size of all blocks to be downloaded: 10300

